--- SMTP Test for smtp.gmail.com:587 ---
1. Testing DNS resolution for smtp.gmail.com...
python : Traceback 
(most recent call 
last):
At line:1 char:1
+ python test_smtp_co
nnectivity.py > 
test_output.txt 2>&1
+ ~~~~~~~~~~~~~~~~~~~
~~~~~~~~~~~~~~~~~~~~~
~~~~~~~~~~~~~~~
    + CategoryInfo   
           : NotSpe  
  cified: (Traceba   
 ck (most recent     
call last)::Stri    
ng) [], RemoteEx    
ception
    + FullyQualified 
   ErrorId : Native  
  CommandError
 
  File "D:\BiteRoute-
main\backend\test_smt
p_connectivity.py", 
line 52, in <module>
    test_smtp()
    ~~~~~~~~~^^
  File "D:\BiteRoute-
main\backend\test_smt
p_connectivity.py", 
line 20, in test_smtp
    print(f"\u2705 
Resolved {host} to 
{ip}")
    ~~~~~^^^^^^^^^^^^
^^^^^^^^^^^^^^^^^^^
  File 
"C:\Users\Sanjana Mor
alwar\AppData\Local\P
rograms\Python\Python
314\Lib\encodings\cp1
252.py", line 19, in 
encode
    return codecs.cha
rmap_encode(input,sel
f.errors,encoding_tab
le)[0]
           ~~~~~~~~~~
~~~~~~~~~~~^^^^^^^^^^
^^^^^^^^^^^^^^^^^^^^^
^^^
UnicodeEncodeError: 
'charmap' codec 
can't encode 
character '\u2705' 
in position 0: 
character maps to 
<undefined>
